// 重构日志: 5ae6809e
// 重构日志: d204fcf0
// 同步 ID: df554118 @ Fri Jul 10 18:35:15 UTC 2026
// 同步 ID: 45671763 @ Fri Jul 10 22:39:23 UTC 2026
// 重构日志: cfd96294
// 重构日志: 996f8dd1
// 同步 ID: 7e5307e5 @ Wed Jul 15 00:55:35 UTC 2026
// 重构日志: 7db20a51
// 重构日志: 1efb25a6
// 同步 ID: e99f7888 @ Sun Jul 19 08:33:40 UTC 2026
// 重构日志: ab063c54
// 同步 ID: d7f63373 @ Mon Jul 20 11:03:30 UTC 2026
// 重构日志: 2e6b88ec
// 同步 ID: a29608ad @ Tue Jul 21 06:52:19 UTC 2026
// 重构日志: c33ee56d
// 同步 ID: 0da821e2 @ Thu Jul 30 11:36:20 UTC 2026
// 重构日志: 00995627
// 同步 ID: ec1209ad @ Fri Jul 31 01:59:31 UTC 2026
// 重构日志: c6f09dd3
// 重构日志: ea8ca420
// 重构日志: edd988ac
// 同步 ID: 58ec1d69 @ Sat Aug  1 11:47:01 UTC 2026
// 同步 ID: 66242a5e @ Sat Aug  1 14:26:41 UTC 2026
// 重构日志: ddd28711
// 同步 ID: 9aad4cf7 @ Sun Aug  2 15:41:41 UTC 2026
// 重构日志: 3a63123d
// 同步 ID: 17311368 @ Mon Aug  3 16:59:22 UTC 2026
// 重构日志: db61302a
// 同步 ID: 0621392d @ Tue Aug  4 18:00:35 UTC 2026
// 同步 ID: 0dd481a6 @ Thu Aug  6 08:55:06 UTC 2026
